$ brew install groovy
--> This installed 2.5.9 version
--> into /usr/local/bin/groovy -> ../Cellar/groovy/2.5.9/bin/groovy
-->      /usr/local/bin/groovysh -> ../Cellar/groovy/2.5.9/bin/groovysh and so on...

$ export GROOVY_HOME /usr/local/Cellar/groovy/2.5.9

$ brew tap adoptopenjdk/openjdk
$ brew cask install adoptopenjdk8
--> This installs into /Library/java/JavaVirtualMachines/adoptopenjdk-8.jdk
--> into /usr/bin/java -> /System/Library/Frameworks/JavaVM.framework/Versions/Current/Commands/java
--> however, shows version as adoptopenjdk
	$ java -version
	openjdk version "1.8.0_242"
	OpenJDK Runtime Environment (AdoptOpenJDK)(build 1.8.0_242-b08)
	OpenJDK 64-Bit Server VM (AdoptOpenJDK)(build 25.242-b08, mixed mode)
	
$ export JAVA_HOME=/Library/Java/JavaVirtualMachines/adoptopenjdk-8.jdk/Contents/Home

$ groovysh
Error: Could not find or load main class org.codehaus.groovy.tools.GroovyStarter
$ groovy -version
Error: Could not find or load main class org.codehaus.groovy.tools.GroovyStarter

--> error fix
? https://github.com/sdkman/sdkman-cli/issues/250
- may need to set CLASSPATH pointing to /usr/local/Cellar/groovy/2.5.9/libexec/lib/groovy-2.5.9.jar


ALTERNATIVE INSTALL:

https://groovy-lang.org/install.html

Install Binary

These instructions describe how to install a binary distribution of Groovy.

First, Download a binary distribution of Groovy and unpack it into some file on your local file system.
--> https://groovy-lang.org/install.html#download-groovy
--> https://bintray.com/artifact/download/groovy/maven/apache-groovy-binary-2.5.9.zip

sudo cd /opt
sudo cp ~/Downloads/apache-groovy-binary-2.5.9.zip .
sudo unzip apache-groovy-binary-2.5.9.zip
export GROOVY_HOME=/opt/groovy-2.5.9
export PATH=$GROOVY_HOME/bin:$PATH

Set your GROOVY_HOME environment variable to the directory you unpacked the distribution.

Add GROOVY_HOME/bin to your PATH environment variable.

Set your JAVA_HOME environment variable to point to your JDK. On OS X this is /Library/Java/Home, on other unixes its often /usr/java etc. If you’ve already installed tools like Ant or Maven you’ve probably already done this step.

You should now have Groovy installed properly. You can test this by typing the following in a command shell:

groovysh
Which should create an interactive groovy shell where you can type Groovy statements. Or to run the Swing interactive console type:

groovyConsole
To run a specific Groovy script type:

groovy SomeScript
