$ brew install groovy
--> This installed 2.5.9 version
--> into /usr/local/bin/groovy -> ../Cellar/groovy/2.5.9/bin/groovy
-->      /usr/local/bin/groovysh -> ../Cellar/groovy/2.5.9/bin/groovysh and so on...

$ export GROOVY_HOME /usr/local/Cellar/groovy/2.5.9

$ brew tap adoptopenjdk/openjdk
$ brew cask install adoptopenjdk8
--> This installs into /Library/java/JavaVirtualMachines/adoptopenjdk-8.jdk
--> into /usr/bin/java -> /System/Library/Frameworks/JavaVM.framework/Versions/Current/Commands/java
--> however, shows version as adoptopenjdk
	$ java -version
	openjdk version "1.8.0_242"
	OpenJDK Runtime Environment (AdoptOpenJDK)(build 1.8.0_242-b08)
	OpenJDK 64-Bit Server VM (AdoptOpenJDK)(build 25.242-b08, mixed mode)
	
$ export JAVA_HOME=/Library/Java/JavaVirtualMachines/adoptopenjdk-8.jdk/Contents/Home

$ groovysh
Error: Could not find or load main class org.codehaus.groovy.tools.GroovyStarter
$ groovy -version
Error: Could not find or load main class org.codehaus.groovy.tools.GroovyStarter

--> error fix
? https://github.com/sdkman/sdkman-cli/issues/250
- may need to set CLASSPATH pointing to /usr/local/Cellar/groovy/2.5.9/libexec/lib/groovy-2.5.9.jar

============================================================
ALTERNATIVE INSTALL - VERSION 2.5.9 - WITH DOWNLOADING ZIP
============================================================

https://groovy-lang.org/install.html

Install Binary

These instructions describe how to install a binary distribution of Groovy.

First, Download a binary distribution of Groovy and unpack it into some file on your local file system.
--> https://groovy-lang.org/install.html#download-groovy
--> https://bintray.com/artifact/download/groovy/maven/apache-groovy-binary-2.5.9.zip

sudo cd /opt
sudo cp ~/Downloads/apache-groovy-binary-2.5.9.zip .
sudo unzip apache-groovy-binary-2.5.9.zip
export GROOVY_HOME=/opt/groovy-2.5.9
export PATH=$GROOVY_HOME/bin:$PATH

Set your GROOVY_HOME environment variable to the directory you unpacked the distribution.

Add GROOVY_HOME/bin to your PATH environment variable.

Set your JAVA_HOME environment variable to point to your JDK. On OS X this is /Library/Java/Home, on other unixes its often /usr/java etc. If you’ve already installed tools like Ant or Maven you’ve probably already done this step.

You should now have Groovy installed properly. You can test this by typing the following in a command shell:

groovysh
Which should create an interactive groovy shell where you can type Groovy statements. Or to run the Swing interactive console type:

groovyConsole
To run a specific Groovy script type:

groovy SomeScript

=====================================================================
BREW INSTALL - REDO - THIS INSTALLED LATEST 3.0.2 - INSTEAD OF 2.5.9
=====================================================================
$  brew info  groovy
groovy: stable 3.0.2
Java-based scripting language
https://www.groovy-lang.org/
Conflicts with:
  groovysdk (because both install the same binaries)
Not installed
From: https://github.com/Homebrew/homebrew-core/blob/master/Formula/groovy.rb
==> Dependencies
Required: openjdk ✔
==> Caveats
You should set GROOVY_HOME:
  export GROOVY_HOME=/usr/local/opt/groovy/libexec
==> Analytics
install: 7,028 (30 days), 26,922 (90 days), 73,370 (365 days)
install-on-request: 6,502 (30 days), 24,837 (90 days), 68,012 (365 days)
build-error: 0 (30 days)

$ brew install groovy
==> Installing dependencies for groovy: openjdk
==> Installing groovy dependency: openjdk
==> Downloading https://homebrew.bintray.com/bottles/openjdk-13.0.2+8_2.mojave.bottle.tar.gz
==> Downloading from https://akamai.bintray.com/60/6034ec5a0927803eae37a5e85b6c6efadb930527827b45ecc593e25a9750061c?__gda__=exp=15865294
######################################################################## 100.0%
==> Pouring openjdk-13.0.2+8_2.mojave.bottle.tar.gz
==> Caveats
For the system Java wrappers to find this JDK, symlink it with
  sudo ln -sfn /usr/local/opt/openjdk/libexec/openjdk.jdk /Library/Java/JavaVirtualMachines/openjdk.jdk

openjdk is keg-only, which means it was not symlinked into /usr/local,
because it shadows the macOS `java` wrapper.

If you need to have openjdk first in your PATH run:
  echo 'export PATH="/usr/local/opt/openjdk/bin:$PATH"' >> ~/.kshrc

For compilers to find openjdk you may need to set:
  export CPPFLAGS="-I/usr/local/opt/openjdk/include"

==> Summary
🍺  /usr/local/Cellar/openjdk/13.0.2+8_2: 631 files, 314.6MB
==> Installing groovy
==> Downloading https://dl.bintray.com/groovy/maven/apache-groovy-binary-3.0.2.zip
==> Downloading from https://d29vzk4ow07wi7.cloudfront.net/3ce9d9097f3bc42cc23b80cb5bd7e3790c5ca12493bd6ebee104f29ab11bbcb5?response-con
######################################################################## 100.0%
==> Caveats
You should set GROOVY_HOME:
  export GROOVY_HOME=/usr/local/opt/groovy/libexec
==> Summary
🍺  /usr/local/Cellar/groovy/3.0.2: 101 files, 26.0MB, built in 27 seconds
==> Caveats
==> openjdk
For the system Java wrappers to find this JDK, symlink it with
  sudo ln -sfn /usr/local/opt/openjdk/libexec/openjdk.jdk /Library/Java/JavaVirtualMachines/openjdk.jdk

openjdk is keg-only, which means it was not symlinked into /usr/local,
because it shadows the macOS `java` wrapper.

If you need to have openjdk first in your PATH run:
  echo 'export PATH="/usr/local/opt/openjdk/bin:$PATH"' >> ~/.kshrc

For compilers to find openjdk you may need to set:
  export CPPFLAGS="-I/usr/local/opt/openjdk/include"

==> groovy
You should set GROOVY_HOME:
  export GROOVY_HOME=/usr/local/opt/groovy/libexec

========================================================
BREW INSTALL - VERSION 2.5.9
========================================================
